rust7-hello [X=1] http=000 body=[] err=[Error: component imports instance `wasi:http/types@0.3.0`, but a matching implementation was not found in the linker  Caused by:     0: instance export `headers` has the wrong type ]
rust7-hello [NO_TRAPS=1] http=200 body=[Hello World!] err=[]
rust7-hello [STUBS=1] http=000 body=[] err=[Error: component imports instance `wasi:http/types@0.3.0`, but a matching implementation was not found in the linker  Caused by:     0: instance export `headers` has the wrong type ]
http-rust-p3-sdk6 [X=1] http=000 body=[] err=[Error: no exported instance named `wasi:http/incoming-handler@0.2.12` ]
http-rust-p3-sdk6 [NO_TRAPS=1] http=000 body=[] err=[Error: component imports instance `wasi:http/types@0.3.0-rc-2026-03-15`, but a matching implementation was not found in the linker  Caused by:     0: instance export `fields` has the wrong type ]
http-rust-p3-sdk6 [STUBS=1] http=000 body=[] err=[Error: no exported instance named `wasi:http/incoming-handler@0.2.12` ]
rust-p2-hello [X=1] http=500 body=[] err=[error: instantiation error: failed to convert function to given type error: instantiation error: failed to convert function to given type ]
rust-p2-hello [NO_TRAPS=1] http=200 body=[Hello World!] err=[]
rust-p2-hello [STUBS=1] http=500 body=[] err=[error: instantiation error: failed to convert function to given type error: instantiation error: failed to convert function to given type ]
rust-p2-wasip1 [X=1] http=000 body=[] err=[Error: failed to parse WebAssembly module  Caused by:     attempted to parse a wasm module with a component parser ]
rust-p2-wasip1 [NO_TRAPS=1] http=000 body=[] err=[Error: failed to parse WebAssembly module  Caused by:     attempted to parse a wasm module with a component parser ]
rust-p2-wasip1 [STUBS=1] http=000 body=[] err=[Error: failed to parse WebAssembly module  Caused by:     attempted to parse a wasm module with a component parser ]
sink5 [X=1] http=500 body=[] err=[error: instantiation error: failed to convert function to given type error: instantiation error: failed to convert function to given type ]
sink5 [NO_TRAPS=1] http=200 body=[Some([118]) hello world 200] err=[]
sink5 [STUBS=1] http=500 body=[] err=[error: instantiation error: failed to convert function to given type error: instantiation error: failed to convert function to given type ]
js [X=1] http=000 body=[] err=[]
js [NO_TRAPS=1] http=000 body=[] err=[]
js [STUBS=1] http=000 body=[] err=[]
ts [X=1] http=000 body=[] err=[]
ts [NO_TRAPS=1] http=000 body=[] err=[]
ts [STUBS=1] http=000 body=[] err=[]
jssink [X=1] http=000 body=[] err=[]
jssink [NO_TRAPS=1] http=000 body=[] err=[]
jssink [STUBS=1] http=000 body=[] err=[]
py-p3 [X=1] http=000 body=[] err=[]
py-p3 [NO_TRAPS=1] http=000 body=[] err=[]
py-p3 [STUBS=1] http=000 body=[] err=[]
py-p2 [X=1] http=000 body=[] err=[]
py-p2 [NO_TRAPS=1] http=000 body=[] err=[]
py-p2 [STUBS=1] http=000 body=[] err=[]
